?openmp_logging = false
?vis_history = false
?integration_timer = false
openmp_num_threads = 1
?debug_decay = false
?debug_process = false
?debug_verbose = false
?write_raw = false
| Switching to model 'SM', scheme 'GF_MW_MZ'
$blha_ew_scheme = "alpha_qed"
SM.mZ =>  9.118800000000E+01
SM.mW =>  8.041900200000E+01
SM.mH =>  1.250000000000E+02
SM.GF =>  1.166390000000E-05
SM.wZ =>  0.000000000000E+00
SM.wtop =>  0.000000000000E+00
SM.wW =>  0.000000000000E+00
SM.wH =>  0.000000000000E+00
SM.ms =>  0.000000000000E+00
SM.mc =>  0.000000000000E+00
SM.mb =>  0.000000000000E+00
SM.mtop =>  1.732000000000E+02
SM.me =>  0.000000000000E+00
SM.mmu =>  0.000000000000E+00
SM.mtau =>  1.777000000000E+00
SM.alphas =>  1.180000000000E-01
?alphas_is_fixed = false
?alphas_from_mz = true
?alphas_from_lambda_qcd = false
alphas_nf = 5
alphas_order = 2
[user variable] jet = PDG(2, -2, 1, -1, 3, -3, 4, -4, 5, -5, 21)
$exclude_gauge_splittings = "t"
$method = "openloops"
seed = 8131
sqrts =  1.000000000000E+03
jet_algorithm = 2
jet_r =  5.000000000000E-01
?use_vamp_equivalences = false
| End of included 'nlo_settings.sin'
alpha_power = 4
alphas_power = 0
| Process library 'nlo_eetthh_lib': recorded process 'nlo_eetthh_p1'
| Integrate: current process library needs compilation
| Process library 'nlo_eetthh_lib': compiling ...
| Process library 'nlo_eetthh_lib': writing makefile
| Process library 'nlo_eetthh_lib': removing old files
| Process library 'nlo_eetthh_lib': writing driver
| Process library 'nlo_eetthh_lib': creating source code
| Process library 'nlo_eetthh_lib': compiling sources
| Process library 'nlo_eetthh_lib': linking
| Process library 'nlo_eetthh_lib': loading
| Process library 'nlo_eetthh_lib': ... success.
| Integrate: compilation done
| QCD alpha: using a running strong coupling
| RNG: Initializing TAO random-number generator
| RNG: Setting seed for random-number generator to 8131
| Initializing integration for process nlo_eetthh_p1:
| Beam structure: [any particles]
| Beam data (collision):
|   e-  (mass = 0.0000000E+00 GeV)
|   e+  (mass = 0.0000000E+00 GeV)
|   sqrts = 1.000000000000E+03 GeV
| Phase space: generating configuration ...
| Phase space: ... failed.  Increasing phs_off_shell ...
| Phase space: ... success.
| Phase space: writing configuration file 'nlo_eetthh_p1.i1.phs'
| Phase space: generating configuration ...
| Phase space: ... failed.  Increasing phs_off_shell ...
| Phase space: ... success.
| Phase space: writing configuration file 'nlo_eetthh_p1.i3.phs'
| One-Loop-Provider: Using OpenLoops
| Loading library: [...]
| One-Loop-Provider: Using OpenLoops
| Loading library: [...]
| One-Loop-Provider: Using OpenLoops
| Loading library: [...]
| One-Loop-Provider: Using OpenLoops
| Loading library: [...]
| One-Loop-Provider: Using OpenLoops
| Loading library: [...]
| One-Loop-Provider: Using OpenLoops
| Loading library: [...]
| One-Loop-Provider: Using OpenLoops
| Loading library: [...]
| One-Loop-Provider: Using OpenLoops
| Loading library: [...]
| ------------------------------------------------------------------------
| Process [scattering]: 'nlo_eetthh_p1'
|   Library name  = 'nlo_eetthh_lib'
|   Process index = 1
|   Process components:
|     1: 'nlo_eetthh_p1_i1':   e-, e+ => t, tbar, H, H [openloops]
|     2: 'nlo_eetthh_p1_i2':   e-, e+ => t, tbar, H, H, gl [openloops], [real]
|     3: 'nlo_eetthh_p1_i3':   e-, e+ => t, tbar, H, H [openloops], [virtual]
|     4: 'nlo_eetthh_p1_i4':   e-, e+ => t, tbar, H, H [inactive], [subtraction]
| ------------------------------------------------------------------------
| Phase space: 12 channels, 8 dimensions
| Phase space: found 12 channels, collected in 1 grove.
| Phase space: no equivalences between channels used.
| Phase space: wood
| Phase space: 12 channels, 11 dimensions
| Phase space: found 12 channels, collected in 1 grove.
| Phase space: no equivalences between channels used.
| Phase space: wood
| Phase space: 12 channels, 8 dimensions
| Phase space: found 12 channels, collected in 1 grove.
| Phase space: no equivalences between channels used.
| Phase space: wood
Warning: No cuts have been defined.
| Using user-defined general scale.
| Starting integration for process 'nlo_eetthh_p1' part 'born'
| Integrate: iterations = 1:120:"gw"
| Integrator: 1 chains, 12 channels, 8 dimensions
| Integrator: 120 initial calls, 20 bins, stratified = T
| Integrator: VAMP
|=============================================================================|
| It      Calls  Integral[fb]  Error[fb]   Err[%]    Acc  Eff[%]   Chi2 N[It] |
|=============================================================================|
   1        120  1.3572209E-02  1.66E-03   12.26    1.34*  26.86
|-----------------------------------------------------------------------------|
   1        120  1.3572209E-02  1.66E-03   12.26    1.34   26.86
|=============================================================================|
| Starting integration for process 'nlo_eetthh_p1' part 'real'
| Integrate: iterations = 1:120:"gw"
| Integrator: 1 chains, 12 channels, 11 dimensions
| Integrator: 120 initial calls, 20 bins, stratified = T
| Integrator: VAMP
|=============================================================================|
| It      Calls  Integral[fb]  Error[fb]   Err[%]    Acc  Eff[%]   Chi2 N[It] |
|=============================================================================|
   1        120 -2.4573051E-03  3.45E-04   14.05    1.54*  23.51
|-----------------------------------------------------------------------------|
   1        120 -2.4573051E-03  3.45E-04   14.05    1.54   23.51
|=============================================================================|
| Starting integration for process 'nlo_eetthh_p1' part 'virtual'
| Integrate: iterations = 1:120:"gw"
| Integrator: 1 chains, 12 channels, 8 dimensions
| Integrator: 120 initial calls, 20 bins, stratified = T
| Integrator: VAMP
|=============================================================================|
| It      Calls  Integral[fb]  Error[fb]   Err[%]    Acc  Eff[%]   Chi2 N[It] |
|=============================================================================|
   1        120  7.6423731E-04  1.38E-04   18.03    1.98*  20.14
|-----------------------------------------------------------------------------|
   1        120  7.6423731E-04  1.38E-04   18.03    1.98   20.14
|=============================================================================|
| Integrate: sum of all components
|=============================================================================|
| It      Calls  Integral[fb]  Error[fb]   Err[%]    Acc  Eff[%]   Chi2 N[It] |
|=============================================================================|
   1          0  1.1879141E-02  1.70E-03   14.35    0.00*  21.87
| NLO Correction: [O(alpha_s+1)/O(alpha_s)]
|  (-12.4745 +-   3.13624 ) %
|=============================================================================|
| There were no errors and    1 warning(s).
| WHIZARD run finished.
|=============================================================================|
