?openmp_logging = false
?vis_history = false
?integration_timer = false
openmp_num_threads = 1
?debug_decay = false
?debug_process = false
?debug_verbose = false
?write_raw = false
| Switching to model 'SM', scheme 'GF_MW_MZ'
$blha_ew_scheme = "alpha_qed"
SM.mZ =>  9.118800000000E+01
SM.mW =>  8.041900200000E+01
SM.mH =>  1.250000000000E+02
SM.GF =>  1.166390000000E-05
SM.wZ =>  0.000000000000E+00
SM.wtop =>  0.000000000000E+00
SM.wW =>  0.000000000000E+00
SM.wH =>  0.000000000000E+00
SM.ms =>  0.000000000000E+00
SM.mc =>  0.000000000000E+00
SM.mb =>  0.000000000000E+00
SM.mtop =>  1.732000000000E+02
SM.me =>  0.000000000000E+00
SM.mmu =>  0.000000000000E+00
SM.mtau =>  1.777000000000E+00
SM.alphas =>  1.180000000000E-01
?alphas_is_fixed = false
?alphas_from_mz = true
?alphas_from_lambda_qcd = false
alphas_nf = 5
alphas_order = 2
[user variable] jet = PDG(2, -2, 1, -1, 3, -3, 4, -4, 5, -5, 21)
$exclude_gauge_splittings = "t"
$method = "openloops"
seed = 8131
sqrts =  1.000000000000E+03
jet_algorithm = 2
jet_r =  5.000000000000E-01
$integration_method = "vamp2"
$rng_method = "rng_stream"
| End of included 'nlo_settings.sin'
[user variable] pr = PDG(2, -2, 1, -1, 3, -3, 4, -4, 5, -5, 21)
[user variable] Wpm = PDG(24, -24)
$exclude_gauge_splittings = "t"
$lhapdf_file = "MSTW2008nlo68cl"
sqrts =  1.300000000000E+04
alpha_power = 1
alphas_power = 0
?alphas_from_mz = false
?alphas_from_lhapdf = true
?combined_nlo_integration = false
relative_error_goal =  4.000000000000E-03
| Process library 'nlo_ppw_lib': recorded process 'ppw'
| Integrate: current process library needs compilation
| Process library 'nlo_ppw_lib': compiling ...
| Process library 'nlo_ppw_lib': writing makefile
| Process library 'nlo_ppw_lib': removing old files
| Process library 'nlo_ppw_lib': writing driver
| Process library 'nlo_ppw_lib': creating source code
| Process library 'nlo_ppw_lib': compiling sources
| Process library 'nlo_ppw_lib': linking
| Process library 'nlo_ppw_lib': loading
| Process library 'nlo_ppw_lib': ... success.
| Integrate: compilation done
| QCD alpha: using a running strong coupling
| RNG: Initializing RNG Stream random-number generator
| RNG: Setting seed for random-number generator to 8131
| Initializing integration for process ppw:
| Beam structure: p, p => lhapdf
| Beam data (collision):
|   p  (mass = 0.0000000E+00 GeV)
|   p  (mass = 0.0000000E+00 GeV)
|   sqrts = 1.300000000000E+04 GeV
| Phase space: generating configuration ...
| Phase space: ... success.
| Phase space: writing configuration file 'ppw.i1.phs'
| Phase space: generating configuration ...
| Phase space: ... success.
| Phase space: writing configuration file 'ppw.i3.phs'
| One-Loop-Provider: Using OpenLoops
| Loading library: [...]
| One-Loop-Provider: Using OpenLoops
| Loading library: [...]
| One-Loop-Provider: Using OpenLoops
| Loading library: [...]
| One-Loop-Provider: Using OpenLoops
| Loading library: [...]
| One-Loop-Provider: Using OpenLoops
| Loading library: [...]
| One-Loop-Provider: Using OpenLoops
| Loading library: [...]
| One-Loop-Provider: Using OpenLoops
| Loading library: [...]
| One-Loop-Provider: Using OpenLoops
| Loading library: [...]
| One-Loop-Provider: Using OpenLoops
| Loading library: [...]
| One-Loop-Provider: Using OpenLoops
| Loading library: [...]
| ------------------------------------------------------------------------
| Process [scattering]: 'ppw'
|   Library name  = 'nlo_ppw_lib'
|   Process index = 1
|   Process components:
|     1: 'ppw_i1':   u:ubar:d:dbar:s:sbar:c:cbar:b:bbar:gl, u:ubar:d:dbar:s:sbar:c:cbar:b:bbar:gl => W+:W- [openloops]
|     2: 'ppw_i2':   dbar:d:ubar:u:sbar:s:cbar:c:bbar:b:gl, dbar:d:ubar:u:sbar:s:cbar:c:bbar:b:gl => W+:W-, d:dbar:u:ubar:s:sbar:c:cbar:b:bbar:gl [openloops], [real]
|     3: 'ppw_i3':   u:ubar:d:dbar:s:sbar:c:cbar:b:bbar:gl, u:ubar:d:dbar:s:sbar:c:cbar:b:bbar:gl => W+:W- [openloops], [virtual]
|     4: 'ppw_i4':   u:ubar:d:dbar:s:sbar:c:cbar:b:bbar:gl, u:ubar:d:dbar:s:sbar:c:cbar:b:bbar:gl => W+:W- [inactive], [subtraction]
|     5: 'ppw_i5':   u:ubar:d:dbar:s:sbar:c:cbar:b:bbar:gl, u:ubar:d:dbar:s:sbar:c:cbar:b:bbar:gl => W+:W- [openloops], [dglap]
| ------------------------------------------------------------------------
| Phase space: 2 channels, 0 dimensions
| Phase space: found 2 channels, collected in 1 grove.
| Phase space: Using 4 equivalences between channels.
| Phase space: wood
| Phase space: 2 channels, 3 dimensions
| Phase space: found 2 channels, collected in 1 grove.
| Phase space: Using 4 equivalences between channels.
| Phase space: wood
| Phase space: 2 channels, 0 dimensions
| Phase space: found 2 channels, collected in 1 grove.
| Phase space: Using 4 equivalences between channels.
| Phase space: wood
| Phase space: 2 channels, 1 dimensions
| Phase space: found 2 channels, collected in 1 grove.
| Phase space: Using 4 equivalences between channels.
| Phase space: wood
| Beam structure: lhapdf, none => none, lhapdf
| Beam structure: 1 channels, 2 dimensions
| Applying user-defined cuts.
| Using user-defined general scale.
| Starting integration for process 'ppw' part 'born'
| Integrate: iterations = 5:100:"gw"
| Integrator: 1 chains, 2 channels, 2 dimensions
| Integrator: Using VAMP2 channel equivalences
| Integrator: 100 initial calls, 20 max. bins, stratified = T
| Integrator: VAMP2
|=============================================================================|
| It      Calls  Integral[fb]  Error[fb]   Err[%]    Acc  Eff[%]   Chi2 N[It] |
|=============================================================================|
| VAMP2: Initialize new grids and write to file 'ppw.m1.vg2'.
| VAMP2: set chain: use chained weights.
   1        100  1.4010570E+08  3.16E+06    2.26    0.23*  73.87
   2        100  1.3867375E+08  3.77E+06    2.72    0.27   65.66
   3        100  1.3624094E+08  3.65E+06    2.68    0.27*  71.22
   4        100  1.4269819E+08  2.23E+06    1.56    0.16*  73.44
   5        100  1.4059856E+08  2.98E+06    2.12    0.21   68.05
|-----------------------------------------------------------------------------|
   5        500  1.4043563E+08  1.34E+06    0.95    0.21   68.05    0.65   5
|=============================================================================|
| Starting integration for process 'ppw' part 'real'
| Integrate: iterations = 5:100:"gw"
| Integrator: 1 chains, 2 channels, 5 dimensions
| Integrator: Using VAMP2 channel equivalences
| Integrator: 100 initial calls, 20 max. bins, stratified = T
| Integrator: VAMP2
|=============================================================================|
| It      Calls  Integral[fb]  Error[fb]   Err[%]    Acc  Eff[%]   Chi2 N[It] |
|=============================================================================|
| VAMP2: Initialize new grids and write to file 'ppw.m2.vg2'.
| VAMP2: set chain: use chained weights.
   1        100  9.8853129E+06  1.38E+06   13.94    1.39*  29.20
   2        100  8.1908586E+06  1.62E+06   19.80    1.98   24.25
   3        100  9.8297848E+06  1.75E+06   17.82    1.78*  28.99
   4        100  1.1887431E+07  1.25E+06   10.49    1.05*  35.68
   5        100  1.1259586E+07  1.06E+06    9.41    0.94*  33.06
|-----------------------------------------------------------------------------|
   5        500  1.0553927E+07  6.01E+05    5.69    1.27   33.06    1.03   5
|=============================================================================|
| Starting integration for process 'ppw' part 'virtual'
| Integrate: iterations = 5:100:"gw"
| Integrator: 1 chains, 2 channels, 2 dimensions
| Integrator: Using VAMP2 channel equivalences
| Integrator: 100 initial calls, 20 max. bins, stratified = T
| Integrator: VAMP2
|=============================================================================|
| It      Calls  Integral[fb]  Error[fb]   Err[%]    Acc  Eff[%]   Chi2 N[It] |
|=============================================================================|
| VAMP2: Initialize new grids and write to file 'ppw.m3.vg2'.
| VAMP2: set chain: use chained weights.
   1        100  1.0997093E+07  2.83E+05    2.58    0.26*  72.55
   2        100  1.1187478E+07  2.52E+05    2.25    0.22*  65.42
   3        100  1.0854754E+07  2.42E+05    2.23    0.22*  73.92
   4        100  1.1264058E+07  4.47E+05    3.97    0.40   39.72
   5        100  1.0976038E+07  3.33E+05    3.03    0.30*  68.17
|-----------------------------------------------------------------------------|
   5        500  1.1026135E+07  1.30E+05    1.18    0.26   68.17    0.31   5
|=============================================================================|
| Starting integration for process 'ppw' part 'dglap'
| Integrate: iterations = 5:100:"gw"
| Integrator: 1 chains, 2 channels, 3 dimensions
| Integrator: Using VAMP2 channel equivalences
| Integrator: 100 initial calls, 20 max. bins, stratified = T
| Integrator: VAMP2
|=============================================================================|
| It      Calls  Integral[fb]  Error[fb]   Err[%]    Acc  Eff[%]   Chi2 N[It] |
|=============================================================================|
| VAMP2: Initialize new grids and write to file 'ppw.m4.vg2'.
| VAMP2: set chain: use chained weights.
   1         96  1.6843581E+07  5.54E+06   32.92    3.23*  14.38
   2         96  2.3679359E+07  3.68E+06   15.54    1.52*  43.84
   3         96  2.2463303E+07  2.96E+06   13.17    1.29*  51.29
   4         96  1.6572925E+07  2.93E+06   17.68    1.73   43.91
   5         96  1.3825202E+07  3.29E+06   23.78    2.33   46.76
|-----------------------------------------------------------------------------|
   5        480  1.8788925E+07  1.53E+06    8.12    1.78   46.76    1.57   5
|=============================================================================|
| Integrate: sum of all components
|=============================================================================|
| It      Calls  Integral[fb]  Error[fb]   Err[%]    Acc  Eff[%]   Chi2 N[It] |
|=============================================================================|
   1          0  1.8080461E+08  2.12E+06    1.17    0.00*  61.36
| NLO Correction: [O(alpha_s+1)/O(alpha_s)]
|  ( 28.7455 +-   1.20299 ) %
|=============================================================================|
| WHIZARD run finished.
|=============================================================================|
