?openmp_logging = false
?vis_history = false
?integration_timer = false
openmp_num_threads = 1
?pacify = true
seed = 0
SM.wtop =>  0.00000E+00
SM.mtop =>  1.75000E+02
?use_vamp_equivalences = false
$loop_me_method = "dummy"
?alphas_is_fixed = false
?alphas_from_mz = true
alpha_power = 2
alphas_power = 0
?combined_nlo_integration = true
?powheg_matching = true
powheg_grid_size_xi = 5
powheg_grid_size_y = 5
powheg_grid_sampling_points = 1000
powheg_pt_min =  1.00000E+00
?powheg_use_singular_jacobian = false
| Process library 'powheg_1_lib': recorded process 'powheg_1_p1'
sqrts =  5.00000E+02
| Integrate: current process library needs compilation
| Process library 'powheg_1_lib': compiling ...
| Process library 'powheg_1_lib': writing makefile
| Process library 'powheg_1_lib': removing old files
| Process library 'powheg_1_lib': writing driver
| Process library 'powheg_1_lib': creating source code
| Process library 'powheg_1_lib': compiling sources
| Process library 'powheg_1_lib': linking
| Process library 'powheg_1_lib': loading
| Process library 'powheg_1_lib': ... success.
| Integrate: compilation done
| QCD alpha: using a running strong coupling
| RNG: Initializing TAO random-number generator
| RNG: Setting seed for random-number generator to 0
| Initializing integration for process powheg_1_p1:
| Beam structure: [any particles]
| Beam data (collision):
|   e+  (mass = 5.1099700E-04 GeV)
|   e-  (mass = 5.1099700E-04 GeV)
|   sqrts = 5.000000000000E+02 GeV
| Phase space: generating configuration ...
| Phase space: ... success.
| Phase space: writing configuration file 'powheg_1_p1.i1.phs'
| Phase space: generating configuration ...
| Phase space: ... success.
| Phase space: writing configuration file 'powheg_1_p1.i3.phs'
| ------------------------------------------------------------------------
| Process [scattering]: 'powheg_1_p1'
|   Library name  = 'powheg_1_lib'
|   Process index = 1
|   Process components:
|     1: 'powheg_1_p1_i1':   e+, e- => t, tbar [omega]
|     2: 'powheg_1_p1_i2':   e+, e- => t, tbar, gl [omega], [real]
|     3: 'powheg_1_p1_i3':   e+, e- => t, tbar [dummy], [virtual]
|     4: 'powheg_1_p1_i4':   e+, e- => t, tbar [inactive], [subtraction]
| ------------------------------------------------------------------------
| Phase space: 1 channels, 5 dimensions
| Phase space: found 1 channel, collected in 1 grove.
| Phase space: no equivalences between channels used.
| Phase space: wood
| Phase space: 1 channels, 5 dimensions
| Phase space: found 1 channel, collected in 1 grove.
| Phase space: no equivalences between channels used.
| Phase space: wood
| Phase space: 1 channels, 5 dimensions
| Phase space: found 1 channel, collected in 1 grove.
| Phase space: no equivalences between channels used.
| Phase space: wood
Warning: No cuts have been defined.
| Using user-defined general scale.
| Starting integration for process 'powheg_1_p1'
| Integration hook: add POWHEG hook
| Integrate: iterations = 1:100:"gw"
| Integrator: 1 chains, 1 channels, 5 dimensions
| Integrator: 100 initial calls, 20 bins, stratified = T
| Integrator: VAMP
|=============================================================================|
| It      Calls  Integral[fb]  Error[fb]   Err[%]    Acc  Eff[%]   Chi2 N[It] |
|=============================================================================|
   1        100     4.673E+02   2.15E+01    4.60    0.46    45.8
|-----------------------------------------------------------------------------|
   1        100     4.673E+02   2.15E+01    4.60    0.46    45.8
|=============================================================================|
n_events = 1
?debug_decay = false
?debug_process = false
?debug_verbose = false
?sample_pacify = true
?write_raw = false
| Starting simulation for process 'powheg_1_p1'
| Simulate: using integration grids from file 'powheg_1_p1.m1.vg'
| Simulate: activating parton shower
| Shower: Using WHIZARD internal shower
| Simulate: applying POWHEG matching
| QCD alpha: using a running strong coupling
| RNG: Initializing TAO random-number generator
| RNG: Setting seed for random-number generator to 1
| Simulation: requested number of events = 1
|             corr. to luminosity [fb-1] =   2.1397E-03
| Events: writing to ASCII file 'powheg_1_p1.debug'
| Events: generating 1 unweighted, unpolarized events ...
| Events: event normalization mode '1'
| POWHEG: using grids from file 'powheg_1_p1_1000.pg'
| Grid: Mean value of the grid:  1.663322016E-02
| Grid: Max value of the grid:  3.908545008E-02
| Grid: Mean/Max value of the grid:  4.255604101E-01
|         ... event sample complete.
| Events: actual unweighting efficiency =  20.00 %
| Events: closing ASCII file 'powheg_1_p1.debug'
n_events = 2
| Starting simulation for process 'powheg_1_p1'
| Simulate: using integration grids from file 'powheg_1_p1.m1.vg'
| Simulate: activating parton shower
| Shower: Using WHIZARD internal shower
| Simulate: applying POWHEG matching
| QCD alpha: using a running strong coupling
| RNG: Initializing TAO random-number generator
| RNG: Setting seed for random-number generator to 2
| Simulation: requested number of events = 2
|             corr. to luminosity [fb-1] =   4.2795E-03
| Events: writing to ASCII file 'powheg_1_p1.debug'
| Events: generating 2 unweighted, unpolarized events ...
| Events: event normalization mode '1'
| POWHEG: using grids from file 'powheg_1_p1_1000.pg'
| Grid: Mean value of the grid:  1.663322016E-02
| Grid: Max value of the grid:  3.908545008E-02
| Grid: Mean/Max value of the grid:  4.255604101E-01
|         ... event sample complete.
| Events: actual unweighting efficiency = 100.00 %
| Events: closing ASCII file 'powheg_1_p1.debug'
?nlo_use_real_partition = true
real_partition_scale =  5.00000E+00
| Process library 'powheg_1_lib': unloading
| Process library 'powheg_1_lib': open
| Process library 'powheg_1_lib': recorded process 'powheg_1_p2'
| Integrate: current process library needs compilation
| Process library 'powheg_1_lib': compiling ...
| Process library 'powheg_1_lib': writing makefile
| Process library 'powheg_1_lib': removing old files
| Process library 'powheg_1_lib': writing driver
| Process library 'powheg_1_lib': creating source code
| Process library 'powheg_1_lib': compiling sources
| Process library 'powheg_1_lib': linking
| Process library 'powheg_1_lib': loading
| Process library 'powheg_1_lib': ... success.
| Integrate: compilation done
| QCD alpha: using a running strong coupling
| RNG: Initializing TAO random-number generator
| RNG: Setting seed for random-number generator to 3
| Initializing integration for process powheg_1_p2:
| Beam structure: [any particles]
| Beam data (collision):
|   e+  (mass = 5.1099700E-04 GeV)
|   e-  (mass = 5.1099700E-04 GeV)
|   sqrts = 5.000000000000E+02 GeV
| Phase space: generating configuration ...
| Phase space: ... success.
| Phase space: writing configuration file 'powheg_1_p2.i1.phs'
| Phase space: generating configuration ...
| Phase space: ... success.
| Phase space: writing configuration file 'powheg_1_p2.i3.phs'
| Phase space: generating configuration ...
| Phase space: ... success.
| Phase space: writing configuration file 'powheg_1_p2.i5.phs'
| ------------------------------------------------------------------------
| Process [scattering]: 'powheg_1_p2'
|   Library name  = 'powheg_1_lib'
|   Process index = 2
|   Process components:
|     1: 'powheg_1_p2_i1':   e+, e- => t, tbar [omega]
|     2: 'powheg_1_p2_i2':   e+, e- => t, tbar, gl [omega], [real]
|     3: 'powheg_1_p2_i3':   e+, e- => t, tbar [dummy], [virtual]
|     4: 'powheg_1_p2_i4':   e+, e- => t, tbar [inactive], [subtraction]
|     5: 'powheg_1_p2_i5':   e+, e- => t, tbar, gl [omega], [real]
| ------------------------------------------------------------------------
| Phase space: 1 channels, 5 dimensions
| Phase space: found 1 channel, collected in 1 grove.
| Phase space: no equivalences between channels used.
| Phase space: wood
| Phase space: 1 channels, 5 dimensions
| Phase space: found 1 channel, collected in 1 grove.
| Phase space: no equivalences between channels used.
| Phase space: wood
| Phase space: 1 channels, 5 dimensions
| Phase space: found 1 channel, collected in 1 grove.
| Phase space: no equivalences between channels used.
| Phase space: wood
| Phase space: 2 channels, 5 dimensions
| Phase space: found 2 channels, collected in 1 grove.
| Phase space: no equivalences between channels used.
| Phase space: wood
Warning: No cuts have been defined.
| Using user-defined general scale.
| Integration hook: add POWHEG hook
| Starting integration for process 'powheg_1_p2' part 'Combined'
| Integrate: iterations = 1:100:"gw"
| Integrator: 1 chains, 1 channels, 5 dimensions
| Integrator: 100 initial calls, 20 bins, stratified = T
| Integrator: VAMP
|=============================================================================|
| It      Calls  Integral[fb]  Error[fb]   Err[%]    Acc  Eff[%]   Chi2 N[It] |
|=============================================================================|
   1        100     4.056E+02   2.49E+01    6.15    0.62    40.9
|-----------------------------------------------------------------------------|
   1        100     4.056E+02   2.49E+01    6.15    0.62    40.9
|=============================================================================|
| Starting integration for process 'powheg_1_p2' part 'real'
| Integrate: iterations = 1:100:"gw"
| Integrator: 1 chains, 2 channels, 5 dimensions
| Integrator: 100 initial calls, 20 bins, stratified = T
| Integrator: VAMP
|=============================================================================|
| It      Calls  Integral[fb]  Error[fb]   Err[%]    Acc  Eff[%]   Chi2 N[It] |
|=============================================================================|
   1        100     9.223E+01   1.48E+01   16.09    1.61    15.3
|-----------------------------------------------------------------------------|
   1        100     9.223E+01   1.48E+01   16.09    1.61    15.3
|=============================================================================|
| Integrate: sum of all components
|=============================================================================|
| It      Calls  Integral[fb]  Error[fb]   Err[%]    Acc  Eff[%]   Chi2 N[It] |
|=============================================================================|
   1          0     4.978E+02   2.90E+01    5.83    0.00    31.2
| NLO Correction: [O(alpha_s+1)/O(alpha_s)]
|  (  0.0000 +-   0.00000 ) %
|=============================================================================|
tolerance =  1.08355E+02
| expect: success
| Starting simulation for process 'powheg_1_p2'
| Simulate: using integration grids from file 'powheg_1_p2.m1.vg'
| Simulate: using integration grids from file 'powheg_1_p2.m2.vg'
| Simulate: activating parton shower
| Shower: Using WHIZARD internal shower
| Simulate: applying POWHEG matching
| QCD alpha: using a running strong coupling
| RNG: Initializing TAO random-number generator
| RNG: Setting seed for random-number generator to 4
| Simulation: requested number of events = 2
|             corr. to luminosity [fb-1] =   4.0177E-03
| Events: writing to ASCII file 'powheg_1_p2.debug'
| Events: generating 2 unweighted, unpolarized events ...
| Events: event normalization mode '1'
| POWHEG: using grids from file 'powheg_1_p2_1000.pg'
| Grid: Mean value of the grid:  1.508219499E-03
| Grid: Max value of the grid:  1.844004544E-02
| Grid: Mean/Max value of the grid:  8.179044371E-02
|         ... event sample complete.
| Events: actual unweighting efficiency =  20.00 %
| Events: closing ASCII file 'powheg_1_p2.debug'
| Summary of value checks:
|   Failures: 0 / Total: 1
| There were no errors and    2 warning(s).
| WHIZARD run finished.
|=============================================================================|
Contents of powheg_1_p1.debug:
========================================================================
 Event #1
------------------------------------------------------------------------
   Unweighted         = T
   Normalization      = '1'
   Helicity handling  = drop
   Keep correlations  = F
------------------------------------------------------------------------
   Squared matrix el. (ref) =  2.80466E-02
   Squared matrix el. (prc) =  2.80466E-02
   Event weight (ref)       =  1.00000E+00
   Event weight (prc)       =  1.00000E+00
------------------------------------------------------------------------
   Selected MCI group = 1
   Selected term      = 1
   Selected channel   = 1
------------------------------------------------------------------------
   Passed selection   = T
   Reweighting factor =  1.00000E+00
   Analysis flag      = T
========================================================================
 Event transform: trivial (hard process)
------------------------------------------------------------------------
   Associated process: 'powheg_1_p1'
   TAO random-number generator:
     seed  = 7
     calls = 3
   Number of tries = 1
------------------------------------------------------------------------
 Particle set:
------------------------------------------------------------------------
 Particle 1 [i] f(-11)
 E =   2.500000E+02
 P =   0.000000E+00  0.000000E+00  2.500000E+02
 T =   2.611179340E-07
 Children: 3 4
 Particle 2 [i] f(11)
 E =   2.500000E+02
 P =   0.000000E+00  0.000000E+00 -2.500000E+02
 T =   2.611179340E-07
 Children: 3 4
 Particle 3 [o] f(6)c(1 )
 E =   2.500000E+02
 P =   9.608533E+01 -1.236770E+02 -8.571236E+01
 T =   3.062500000E+04
 Parents:  1 2
 Particle 4 [o] f(-6)c(-1 )
 E =   2.500000E+02
 P =  -9.608533E+01  1.236770E+02  8.571236E+01
 T =   3.062500000E+04
 Parents:  1 2
========================================================================
========================================================================
 Event transform: shower
------------------------------------------------------------------------
   Associated process: 'powheg_1_p1'
   TAO random-number generator:
     seed  = 8
     calls = 1
   Number of tries = 1
 Particle set:
------------------------------------------------------------------------
  Nr Status  Flavor  Col ACol              Parents             Children         P(0)         P(1)         P(2)         P(3)          P^2
   1    [i]      e+    0    0               [none]                  3-4      250.000        0.000        0.000      250.000        0.000
   2    [i]      e-    0    0               [none]                  3-4      250.000        0.000        0.000     -250.000        0.000
   3    [v]       t    1    0                  1-2                  5-7      250.000       96.085     -123.677      -85.712    30625.000
   4    [v]    tbar    0    1                  1-2                  5-7      250.000      -96.085      123.677       85.712    30625.000
   5    [o]       t    2    0                  3-4               [none]      160.932      104.618     -121.732       11.639    30625.000
   6    [o]    tbar    0    1                  3-4               [none]      244.520      -91.910      118.303       81.988    30625.000
   7    [o]      gl    1    2                  3-4               [none]       94.548      -12.708        3.430      -93.627        0.000
------------------------------------------------------------------------
Sum of incoming momenta: p(0:3) =          500.000        0.000        0.000        0.000 
Sum of beam remnant momenta: p(0:3) =        0.000        0.000        0.000        0.000 
Sum of outgoing momenta: p(0:3) =          500.000        0.000        0.000        0.000 
------------------------------------------------------------------------
 Shower settings:
------------------------------------------------------------------------
 Master switches:
   ps_isr_active                =  F
   ps_fsr_active                =  F
   ps_tau_dec                   =  F
   muli_active                  =  F
   hadronization_active         =  F
 General settings:
    [ISR and FSR off]
 Matching Settings:
   mlm_matching                 =  F
   ckkw_matching                =  F
 PYTHIA6 specific settings:
   ps_PYTHIA_PYGIVE             = ''
========================================================================
 Local variables:
------------------------------------------------------------------------
sqrts* =  5.00000E+02
sqrts_hat* =>  5.00000E+02
n_in* => 2
n_out* => 3
n_tot* => 5
$process_id* => "powheg_1_p1"
process_num_id* => [unknown integer]
sqme* =>  2.80466E-02
sqme_ref* =>  2.80466E-02
event_index* => 1
event_weight* =>  1.00000E+00
event_weight_ref* =>  1.00000E+00
event_excess* =>  0.00000E+00
------------------------------------------------------------------------
 subevent:
 1 prt(i:-11|-2.5000000E+02; 0.0000000E+00, 0.0000000E+00,-2.5000000E+02| 2.6111793E-07| 1)
 2 prt(i:11|-2.5000000E+02; 0.0000000E+00, 0.0000000E+00, 2.5000000E+02| 2.6111793E-07| 2)
 3 prt(o:6| 1.6093234E+02; 1.0461835E+02,-1.2173226E+02, 1.1639310E+01| 3.0625000E+04| 3)
 4 prt(o:-6| 2.4451983E+02;-9.1909962E+01, 1.1830264E+02, 8.1987752E+01| 3.0625000E+04| 4)
 5 prt(o:21| 9.4547831E+01;-1.2708391E+01, 3.4296182E+00,-9.3627062E+01| 0.0000000E+00| 5)
========================================================================
========================================================================
 Event #2
------------------------------------------------------------------------
   Unweighted         = T
   Normalization      = '1'
   Helicity handling  = drop
   Keep correlations  = F
------------------------------------------------------------------------
   Squared matrix el. (ref) =  2.76791E-02
   Squared matrix el. (prc) =  2.76791E-02
   Event weight (ref)       =  1.00000E+00
   Event weight (prc)       =  1.00000E+00
------------------------------------------------------------------------
   Selected MCI group = 1
   Selected term      = 1
   Selected channel   = 1
------------------------------------------------------------------------
   Passed selection   = T
   Reweighting factor =  1.00000E+00
   Analysis flag      = T
========================================================================
 Event transform: trivial (hard process)
------------------------------------------------------------------------
   Associated process: 'powheg_1_p1'
   TAO random-number generator:
     seed  = 7
     calls = 6
   Number of tries = 1
------------------------------------------------------------------------
 Particle set:
------------------------------------------------------------------------
 Particle 1 [i] f(-11)
 E =   2.500000E+02
 P =   0.000000E+00  0.000000E+00  2.500000E+02
 T =   2.611179340E-07
 Children: 3 4
 Particle 2 [i] f(11)
 E =   2.500000E+02
 P =   0.000000E+00  0.000000E+00 -2.500000E+02
 T =   2.611179340E-07
 Children: 3 4
 Particle 3 [o] f(6)c(1 )
 E =   2.500000E+02
 P =   1.688666E+02  3.093682E+01 -4.901007E+01
 T =   3.062500000E+04
 Parents:  1 2
 Particle 4 [o] f(-6)c(-1 )
 E =   2.500000E+02
 P =  -1.688666E+02 -3.093682E+01  4.901007E+01
 T =   3.062500000E+04
 Parents:  1 2
========================================================================
========================================================================
 Event transform: shower
------------------------------------------------------------------------
   Associated process: 'powheg_1_p1'
   TAO random-number generator:
     seed  = 8
     calls = 2
   Number of tries = 1
 Particle set:
------------------------------------------------------------------------
  Nr Status  Flavor  Col ACol              Parents             Children         P(0)         P(1)         P(2)         P(3)          P^2
   1    [i]      e+    0    0               [none]                  3-4      250.000        0.000        0.000      250.000        0.000
   2    [i]      e-    0    0               [none]                  3-4      250.000        0.000        0.000     -250.000        0.000
   3    [o]       t    1    0                  1-2               [none]      250.000      168.867       30.937      -49.010    30625.000
   4    [o]    tbar    0    1                  1-2               [none]      250.000     -168.867      -30.937       49.010    30625.000
------------------------------------------------------------------------
Sum of incoming momenta: p(0:3) =          500.000        0.000        0.000        0.000 
Sum of beam remnant momenta: p(0:3) =        0.000        0.000        0.000        0.000 
Sum of outgoing momenta: p(0:3) =          500.000        0.000        0.000        0.000 
------------------------------------------------------------------------
 Shower settings:
------------------------------------------------------------------------
 Master switches:
   ps_isr_active                =  F
   ps_fsr_active                =  F
   ps_tau_dec                   =  F
   muli_active                  =  F
   hadronization_active         =  F
 General settings:
    [ISR and FSR off]
 Matching Settings:
   mlm_matching                 =  F
   ckkw_matching                =  F
 PYTHIA6 specific settings:
   ps_PYTHIA_PYGIVE             = ''
========================================================================
 Local variables:
------------------------------------------------------------------------
sqrts* =  5.00000E+02
sqrts_hat* =>  5.00000E+02
n_in* => 2
n_out* => 2
n_tot* => 4
$process_id* => "powheg_1_p1"
process_num_id* => [unknown integer]
sqme* =>  2.76791E-02
sqme_ref* =>  2.76791E-02
event_index* => 2
event_weight* =>  1.00000E+00
event_weight_ref* =>  1.00000E+00
event_excess* =>  0.00000E+00
------------------------------------------------------------------------
 subevent:
 1 prt(i:-11|-2.5000000E+02; 0.0000000E+00, 0.0000000E+00,-2.5000000E+02| 2.6111793E-07| 1)
 2 prt(i:11|-2.5000000E+02; 0.0000000E+00, 0.0000000E+00, 2.5000000E+02| 2.6111793E-07| 2)
 3 prt(o:6| 2.5000000E+02; 1.6886659E+02, 3.0936816E+01,-4.9010068E+01| 3.0625000E+04| 3)
 4 prt(o:-6| 2.5000000E+02;-1.6886659E+02,-3.0936816E+01, 4.9010068E+01| 3.0625000E+04| 4)
========================================================================
Contents of powheg_1_p2.debug:
========================================================================
 Event #1
------------------------------------------------------------------------
   Unweighted         = T
   Normalization      = '1'
   Helicity handling  = drop
   Keep correlations  = F
------------------------------------------------------------------------
   Squared matrix el. (ref) =  1.41607E-05
   Squared matrix el. (prc) =  1.41607E-05
   Event weight (ref)       =  1.00000E+00
   Event weight (prc)       =  1.00000E+00
------------------------------------------------------------------------
   Selected MCI group = 2
   Selected term      = 6
   Selected channel   = 1
------------------------------------------------------------------------
   Passed selection   = T
   Reweighting factor =  1.00000E+00
   Analysis flag      = T
========================================================================
 Event transform: trivial (hard process)
------------------------------------------------------------------------
   Associated process: 'powheg_1_p2'
   TAO random-number generator:
     seed  = 196611
     calls = 3
   Number of tries = 1
------------------------------------------------------------------------
 Particle set:
------------------------------------------------------------------------
 Particle 1 [i] f(-11)
 E =   2.500000E+02
 P =   0.000000E+00  0.000000E+00  2.500000E+02
 T =   2.611179340E-07
 Children: 3 4 5
 Particle 2 [i] f(11)
 E =   2.500000E+02
 P =   0.000000E+00  0.000000E+00 -2.500000E+02
 T =   2.611179340E-07
 Children: 3 4 5
 Particle 3 [o] f(6)c(1 )
 E =   2.219832E+02
 P =  -7.125693E+01 -1.137429E+02 -2.522963E+01
 T =   3.062500000E+04
 Parents:  1 2
 Particle 4 [o] f(-6)c(-2 )
 E =   2.128305E+02
 P =   1.983915E+01  1.013308E+02  6.332695E+01
 T =   3.062500000E+04
 Parents:  1 2
 Particle 5 [o] f(21)c(2 -1)
 E =   6.518630E+01
 P =   5.141778E+01  1.241207E+01 -3.809732E+01
 T =   0.000000000E+00
 Parents:  1 2
========================================================================
========================================================================
 Event transform: shower
------------------------------------------------------------------------
   Associated process: 'powheg_1_p2'
   TAO random-number generator:
     seed  = 196612
     calls = 1
   Number of tries = 1
 Particle set:
------------------------------------------------------------------------
  Nr Status  Flavor  Col ACol              Parents             Children         P(0)         P(1)         P(2)         P(3)          P^2
   1    [i]      e+    0    0               [none]                  3-5      250.000        0.000        0.000      250.000        0.000
   2    [i]      e-    0    0               [none]                  3-5      250.000        0.000        0.000     -250.000        0.000
   3    [o]       t    1    0                  1-2               [none]      221.983      -71.257     -113.743      -25.230    30625.000
   4    [o]    tbar    0    2                  1-2               [none]      212.831       19.839      101.331       63.327    30625.000
   5    [o]      gl    2    1                  1-2               [none]       65.186       51.418       12.412      -38.097        0.000
------------------------------------------------------------------------
Sum of incoming momenta: p(0:3) =          500.000        0.000        0.000        0.000 
Sum of beam remnant momenta: p(0:3) =        0.000        0.000        0.000        0.000 
Sum of outgoing momenta: p(0:3) =          500.000        0.000        0.000        0.000 
------------------------------------------------------------------------
 Shower settings:
------------------------------------------------------------------------
 Master switches:
   ps_isr_active                =  F
   ps_fsr_active                =  F
   ps_tau_dec                   =  F
   muli_active                  =  F
   hadronization_active         =  F
 General settings:
    [ISR and FSR off]
 Matching Settings:
   mlm_matching                 =  F
   ckkw_matching                =  F
 PYTHIA6 specific settings:
   ps_PYTHIA_PYGIVE             = ''
========================================================================
 Local variables:
------------------------------------------------------------------------
sqrts* =  5.00000E+02
sqrts_hat* =>  5.00000E+02
n_in* => 2
n_out* => 3
n_tot* => 5
$process_id* => "powheg_1_p2"
process_num_id* => [unknown integer]
sqme* =>  1.41607E-05
sqme_ref* =>  1.41607E-05
event_index* => 1
event_weight* =>  1.00000E+00
event_weight_ref* =>  1.00000E+00
event_excess* =>  0.00000E+00
------------------------------------------------------------------------
 subevent:
 1 prt(i:-11|-2.5000000E+02; 0.0000000E+00, 0.0000000E+00,-2.5000000E+02| 2.6111793E-07| 1)
 2 prt(i:11|-2.5000000E+02; 0.0000000E+00, 0.0000000E+00, 2.5000000E+02| 2.6111793E-07| 2)
 3 prt(o:6| 2.2198318E+02;-7.1256929E+01,-1.1374290E+02,-2.5229632E+01| 3.0625000E+04| 3)
 4 prt(o:-6| 2.1283052E+02; 1.9839145E+01, 1.0133083E+02, 6.3326954E+01| 3.0625000E+04| 4)
 5 prt(o:21| 6.5186300E+01; 5.1417783E+01, 1.2412066E+01,-3.8097321E+01| 0.0000000E+00| 5)
========================================================================
========================================================================
 Event #2
------------------------------------------------------------------------
   Unweighted         = T
   Normalization      = '1'
   Helicity handling  = drop
   Keep correlations  = F
------------------------------------------------------------------------
   Squared matrix el. (ref) =  3.51646E-02
   Squared matrix el. (prc) =  3.51646E-02
   Event weight (ref)       =  1.00000E+00
   Event weight (prc)       =  1.00000E+00
------------------------------------------------------------------------
   Selected MCI group = 1
   Selected term      = 1
   Selected channel   = 1
------------------------------------------------------------------------
   Passed selection   = T
   Reweighting factor =  1.00000E+00
   Analysis flag      = T
========================================================================
 Event transform: trivial (hard process)
------------------------------------------------------------------------
   Associated process: 'powheg_1_p2'
   TAO random-number generator:
     seed  = 196611
     calls = 6
   Number of tries = 1
------------------------------------------------------------------------
 Particle set:
------------------------------------------------------------------------
 Particle 1 [i] f(-11)
 E =   2.500000E+02
 P =   0.000000E+00  0.000000E+00  2.500000E+02
 T =   2.611179340E-07
 Children: 3 4
 Particle 2 [i] f(11)
 E =   2.500000E+02
 P =   0.000000E+00  0.000000E+00 -2.500000E+02
 T =   2.611179340E-07
 Children: 3 4
 Particle 3 [o] f(6)c(1 )
 E =   2.500000E+02
 P =   1.143154E+02  2.823158E+00 -1.371095E+02
 T =   3.062500000E+04
 Parents:  1 2
 Particle 4 [o] f(-6)c(-1 )
 E =   2.500000E+02
 P =  -1.143154E+02 -2.823158E+00  1.371095E+02
 T =   3.062500000E+04
 Parents:  1 2
========================================================================
========================================================================
 Event transform: shower
------------------------------------------------------------------------
   Associated process: 'powheg_1_p2'
   TAO random-number generator:
     seed  = 196612
     calls = 2
   Number of tries = 1
 Particle set:
------------------------------------------------------------------------
  Nr Status  Flavor  Col ACol              Parents             Children         P(0)         P(1)         P(2)         P(3)          P^2
   1    [i]      e+    0    0               [none]                  3-4      250.000        0.000        0.000      250.000        0.000
   2    [i]      e-    0    0               [none]                  3-4      250.000        0.000        0.000     -250.000        0.000
   3    [o]       t    1    0                  1-2               [none]      250.000      114.315        2.823     -137.110    30625.000
   4    [o]    tbar    0    1                  1-2               [none]      250.000     -114.315       -2.823      137.110    30625.000
------------------------------------------------------------------------
Sum of incoming momenta: p(0:3) =          500.000        0.000        0.000        0.000 
Sum of beam remnant momenta: p(0:3) =        0.000        0.000        0.000        0.000 
Sum of outgoing momenta: p(0:3) =          500.000        0.000        0.000        0.000 
------------------------------------------------------------------------
 Shower settings:
------------------------------------------------------------------------
 Master switches:
   ps_isr_active                =  F
   ps_fsr_active                =  F
   ps_tau_dec                   =  F
   muli_active                  =  F
   hadronization_active         =  F
 General settings:
    [ISR and FSR off]
 Matching Settings:
   mlm_matching                 =  F
   ckkw_matching                =  F
 PYTHIA6 specific settings:
   ps_PYTHIA_PYGIVE             = ''
========================================================================
 Local variables:
------------------------------------------------------------------------
sqrts* =  5.00000E+02
sqrts_hat* =>  5.00000E+02
n_in* => 2
n_out* => 2
n_tot* => 4
$process_id* => "powheg_1_p2"
process_num_id* => [unknown integer]
sqme* =>  3.51646E-02
sqme_ref* =>  3.51646E-02
event_index* => 2
event_weight* =>  1.00000E+00
event_weight_ref* =>  1.00000E+00
event_excess* =>  0.00000E+00
------------------------------------------------------------------------
 subevent:
 1 prt(i:-11|-2.5000000E+02; 0.0000000E+00, 0.0000000E+00,-2.5000000E+02| 2.6111793E-07| 1)
 2 prt(i:11|-2.5000000E+02; 0.0000000E+00, 0.0000000E+00, 2.5000000E+02| 2.6111793E-07| 2)
 3 prt(o:6| 2.5000000E+02; 1.1431539E+02, 2.8231580E+00,-1.3710953E+02| 3.0625000E+04| 3)
 4 prt(o:-6| 2.5000000E+02;-1.1431539E+02,-2.8231580E+00, 1.3710953E+02| 3.0625000E+04| 4)
========================================================================
Contents of powheg_1_p1_1000.pg:
           3
           5            5            2 
 2.530629306E-02  3.365662356E-02  2.917606727E-02  2.032378341E-02  1.640279341E-02  3.676895126E-02  3.908545008E-02  3.100081428E-02  2.758624989E-02  2.075435308E-02  2.184926020E-02  2.585981001E-02  2.428140005E-02  1.869552869E-02  1.052110830E-02  1.026072927E-02  1.131493579E-02  8.439667000E-03  6.062967307E-03  1.289002281E-03  1.045380066E-03  1.753781377E-03  1.601314412E-03  1.460208345E-03  5.505926971E-04  2.514689998E-02  3.495739832E-02  2.886328584E-02  2.828860675E-02  6.796007630E-03  3.768978983E-02  3.879497593E-02  2.947607204E-02  2.189014635E-02  1.692352079E-02  2.171460101E-02  2.407352156E-02  2.142085942E-02  1.201357659E-02  1.557410030E-02  1.031223753E-02  1.094206930E-02  9.348220245E-03  3.791168953E-03  2.417083375E-03  1.119303556E-03  1.532804571E-03  1.760727599E-03  1.192585494E-03  5.743801358E-04 
Contents of powheg_1_p2_1000.pg:
           3
           5            5            2 
 1.843957322E-02  0.000000000E+00  3.840441758E-04  0.000000000E+00  0.000000000E+00  1.702819017E-02  0.000000000E+00  0.000000000E+00  0.000000000E+00  0.000000000E+00  0.000000000E+00  0.000000000E+00  0.000000000E+00  0.000000000E+00  0.000000000E+00  0.000000000E+00  0.000000000E+00  0.000000000E+00  0.000000000E+00  0.000000000E+00  1.628435672E-03  1.957292802E-04  3.584549890E-05  0.000000000E+00  2.651881828E-06  1.844004544E-02  0.000000000E+00  3.796757220E-04  0.000000000E+00  0.000000000E+00  1.703819517E-02  0.000000000E+00  0.000000000E+00  0.000000000E+00  0.000000000E+00  0.000000000E+00  0.000000000E+00  0.000000000E+00  0.000000000E+00  0.000000000E+00  0.000000000E+00  0.000000000E+00  0.000000000E+00  0.000000000E+00  0.000000000E+00  1.586894288E-03  2.098735103E-04  3.901739592E-05  0.000000000E+00  2.803502658E-06 
